2026-09-29 08:00:09 INFO [api] pid=4757 Database connection pool initialized
2026-09-29 08:00:19 DEBUG [auth] pid=8012 Cache lookup key=user_session
2026-09-29 08:00:23 INFO [api] pid=9379 HTTP POST /api/login 200 143ms
2026-09-29 08:00:26 INFO [scheduler] pid=4711 Request completed successfully
2026-09-29 08:00:56 INFO [api] pid=8024 Application started successfully
2026-09-29 08:01:19 INFO [worker] pid=2774 HTTP POST /api/login 200 143ms
2026-09-29 08:01:26 INFO [worker] pid=5433 Background worker completed job
2026-09-29 08:01:30 DEBUG [scheduler] pid=2391 Cache lookup key=user_session
2026-09-29 08:01:50 WARNING [worker] pid=4250 Memory usage above 80%
2026-09-29 08:01:56 INFO [worker] pid=2407 HTTP POST /api/login 200 143ms
2026-09-29 08:02:12 WARNING [worker] pid=8528 Retrying failed request attempt=1
2026-09-29 08:02:37 INFO [api] pid=5474 Background worker completed job
2026-09-29 08:02:43 INFO [auth] pid=5110 HTTP GET /api/users 200 84ms
2026-09-29 08:02:55 INFO [auth] pid=4698 Database connection pool initialized
2026-09-29 08:03:17 WARNING [api] pid=1625 Disk usage above 75%
2026-09-29 08:03:39 INFO [api] pid=6255 HTTP GET /api/health 200 12ms
2026-09-29 08:03:54 INFO [scheduler] pid=3440 Cache refreshed successfully
2026-09-29 08:04:12 INFO [auth] pid=5404 Request completed successfully
2026-09-29 08:04:41 WARNING [worker] pid=4693 Retrying failed request attempt=1
2026-09-29 08:04:51 INFO [web] pid=2896 HTTP GET /api/health 200 12ms
2026-09-29 08:05:02 INFO [auth] pid=2140 Cache refreshed successfully
2026-09-29 08:05:28 INFO [auth] pid=5219 Docker container parser-web-1 heartbeat received
2026-09-29 08:05:30 INFO [auth] pid=5471 HTTP GET /api/health 200 12ms
2026-09-29 08:05:53 INFO [api] pid=8533 Cache refreshed successfully
2026-09-29 08:05:55 ERROR [auth] pid=4027 Upstream service timeout
2026-09-29 08:06:29 WARNING [worker] pid=9417 Deprecated API endpoint /api/v1/users requested
2026-09-29 08:06:43 INFO [auth] pid=9789 HTTP GET /api/users 200 84ms
2026-09-29 08:06:45 INFO [web] pid=2932 Docker container parser-web-1 heartbeat received
2026-09-29 08:07:10 WARNING [api] pid=2049 Database connection pool nearly exhausted
2026-09-29 08:07:27 WARNING [web] pid=9062 Disk usage above 75%
2026-09-29 08:07:33 ERROR [api] pid=3203 Docker container parser-php-1 health check failed
2026-09-29 08:08:05 ERROR [worker] pid=9745 Database connection failed
2026-09-29 08:08:34 ERROR [api] pid=6207 Docker container parser-php-1 health check failed
2026-09-29 08:09:01 ERROR [scheduler] pid=9579 Redis connection refused
2026-09-29 08:09:31 INFO [web] pid=6639 HTTP POST /api/login 200 143ms
2026-09-29 08:09:34 INFO [auth] pid=4708 HTTP POST /api/login 200 143ms
2026-09-29 08:09:36 INFO [api] pid=2204 Application started successfully
2026-09-29 08:09:40 WARNING [auth] pid=4999 Disk usage above 75%
2026-09-29 08:09:59 INFO [auth] pid=3267 HTTP POST /api/login 200 143ms
2026-09-29 08:10:31 INFO [scheduler] pid=4219 Docker container parser-web-1 heartbeat received
2026-09-29 08:10:39 INFO [worker] pid=8039 Cache refreshed successfully
2026-09-29 08:11:07 INFO [web] pid=2093 Application started successfully
2026-09-29 08:11:34 DEBUG [api] pid=4239 Cache lookup key=user_session
2026-09-29 08:11:48 INFO [scheduler] pid=4106 HTTP GET /api/users 200 84ms
2026-09-29 08:12:07 INFO [scheduler] pid=2704 HTTP GET /api/health 200 12ms
2026-09-29 08:12:12 INFO [web] pid=2628 Request completed successfully
2026-09-29 08:12:29 INFO [scheduler] pid=4602 Docker container parser-web-1 heartbeat received
2026-09-29 08:12:56 WARNING [scheduler] pid=1135 API response time exceeded 1000ms
2026-09-29 08:13:22 INFO [worker] pid=8030 Docker container parser-web-1 heartbeat received
2026-09-29 08:13:55 INFO [api] pid=2058 Database connection pool initialized
2026-09-29 08:14:00 DEBUG [web] pid=8911 Cache lookup key=user_session
2026-09-29 08:14:34 WARNING [api] pid=2031 Memory usage above 80%
2026-09-29 08:15:08 INFO [web] pid=2213 HTTP GET /api/users 200 84ms
2026-09-29 08:15:25 INFO [auth] pid=1751 HTTP POST /api/login 200 143ms
2026-09-29 08:15:32 INFO [worker] pid=5372 Request completed successfully
2026-09-29 08:15:47 INFO [api] pid=5451 Background worker completed job
2026-09-29 08:16:14 INFO [scheduler] pid=6280 Database connection pool initialized
2026-09-29 08:16:20 INFO [web] pid=4592 HTTP GET /api/health 200 12ms
2026-09-29 08:16:54 INFO [web] pid=5102 Background worker completed job
2026-09-29 08:17:19 INFO [auth] pid=6056 Docker container parser-web-1 heartbeat received
2026-09-29 08:17:54 INFO [worker] pid=2797 Request completed successfully
2026-09-29 08:18:04 INFO [auth] pid=3646 HTTP GET /api/health 200 12ms
2026-09-29 08:18:23 INFO [worker] pid=4435 HTTP POST /api/login 200 143ms
2026-09-29 08:18:41 INFO [web] pid=2612 Database connection pool initialized
2026-09-29 08:19:10 WARNING [web] pid=6564 Disk usage above 75%
2026-09-29 08:19:20 INFO [api] pid=8339 Database connection pool initialized
2026-09-29 08:19:49 INFO [web] pid=3542 HTTP GET /api/health 200 12ms
2026-09-29 08:19:53 WARNING [auth] pid=3526 Memory usage above 80%
2026-09-29 08:20:22 INFO [worker] pid=1753 Database connection pool initialized
2026-09-29 08:20:46 INFO [web] pid=6894 HTTP POST /api/login 200 143ms
2026-09-29 08:21:14 ERROR [api] pid=3762 Database connection failed
2026-09-29 08:21:27 WARNING [api] pid=6542 Disk usage above 75%
2026-09-29 08:21:55 DEBUG [worker] pid=3708 SQL query completed in 34ms
2026-09-29 08:22:03 INFO [scheduler] pid=4744 Application started successfully
2026-09-29 08:22:17 DEBUG [worker] pid=6100 Connection returned to pool
2026-09-29 08:22:33 INFO [scheduler] pid=6478 HTTP POST /api/login 200 143ms
2026-09-29 08:22:52 WARNING [worker] pid=9446 Database connection pool nearly exhausted
2026-09-29 08:23:19 INFO [worker] pid=1552 Request completed successfully
2026-09-29 08:23:28 WARNING [api] pid=5449 Database connection pool nearly exhausted
2026-09-29 08:23:32 INFO [worker] pid=6239 Cache refreshed successfully
2026-09-29 08:24:01 INFO [web] pid=7411 Request completed successfully
2026-09-29 08:24:15 INFO [web] pid=9618 Cache refreshed successfully
2026-09-29 08:24:29 INFO [worker] pid=6243 HTTP GET /api/health 200 12ms
2026-09-29 08:24:38 DEBUG [auth] pid=6167 Worker queue size=4
2026-09-29 08:25:06 INFO [auth] pid=3185 Database connection pool initialized
2026-09-29 08:25:20 INFO [api] pid=6030 Cache refreshed successfully
2026-09-29 08:25:47 INFO [worker] pid=5800 Application started successfully
2026-09-29 08:26:02 INFO [scheduler] pid=8338 Background worker completed job
2026-09-29 08:26:32 INFO [scheduler] pid=3880 Request completed successfully
2026-09-29 08:26:39 INFO [web] pid=4948 Background worker completed job
2026-09-29 08:27:00 INFO [api] pid=1500 HTTP POST /api/login 200 143ms
2026-09-29 08:27:04 INFO [auth] pid=2293 Docker container parser-web-1 heartbeat received
2026-09-29 08:27:35 INFO [scheduler] pid=9199 HTTP POST /api/login 200 143ms
2026-09-29 08:28:02 INFO [web] pid=8065 Application started successfully
2026-09-29 08:28:18 INFO [scheduler] pid=1922 Request completed successfully
2026-09-29 08:28:35 WARNING [scheduler] pid=3284 Disk usage above 75%
2026-09-29 08:29:06 INFO [auth] pid=6298 Request completed successfully
2026-09-29 08:29:36 INFO [scheduler] pid=8405 Request completed successfully
2026-09-29 08:29:48 DEBUG [scheduler] pid=5346 Connection returned to pool
2026-09-29 08:30:05 WARNING [auth] pid=9039 Database connection pool nearly exhausted
2026-09-29 08:30:22 INFO [worker] pid=4941 HTTP GET /api/health 200 12ms
2026-09-29 08:30:41 INFO [web] pid=3367 Request completed successfully
2026-09-29 08:30:52 INFO [api] pid=2152 HTTP GET /api/users 200 84ms
2026-09-29 08:31:20 INFO [scheduler] pid=7912 Request completed successfully
2026-09-29 08:31:25 INFO [scheduler] pid=1420 Cache refreshed successfully
2026-09-29 08:31:51 INFO [worker] pid=7489 Background worker completed job
2026-09-29 08:32:19 INFO [auth] pid=4713 Request completed successfully
2026-09-29 08:32:52 INFO [scheduler] pid=1575 Cache refreshed successfully
2026-09-29 08:33:18 INFO [api] pid=8757 Cache refreshed successfully
2026-09-29 08:33:28 ERROR [web] pid=7555 Docker container parser-php-1 health check failed
2026-09-29 08:33:31 INFO [api] pid=8664 Cache refreshed successfully
2026-09-29 08:33:44 INFO [worker] pid=4567 Cache refreshed successfully
2026-09-29 08:34:15 INFO [worker] pid=8006 Cache refreshed successfully
2026-09-29 08:34:33 WARNING [web] pid=1953 Retrying failed request attempt=1
2026-09-29 08:34:57 INFO [web] pid=1608 HTTP GET /api/health 200 12ms
2026-09-29 08:35:14 INFO [auth] pid=3596 Application started successfully
2026-09-29 08:35:31 INFO [auth] pid=4671 HTTP GET /api/health 200 12ms
2026-09-29 08:36:02 INFO [api] pid=2976 Background worker completed job
2026-09-29 08:36:14 ERROR [auth] pid=1520 Database connection failed
2026-09-29 08:36:35 INFO [scheduler] pid=4349 Cache refreshed successfully
2026-09-29 08:36:41 INFO [web] pid=6041 HTTP POST /api/login 200 143ms
2026-09-29 08:36:50 DEBUG [worker] pid=8118 Cache lookup key=user_session
2026-09-29 08:37:15 INFO [web] pid=7982 Background worker completed job
2026-09-29 08:37:48 INFO [scheduler] pid=3606 Background worker completed job
2026-09-29 08:38:17 INFO [worker] pid=9021 Request completed successfully
2026-09-29 08:38:48 INFO [worker] pid=5122 Database connection pool initialized
2026-09-29 08:38:55 INFO [api] pid=8713 Docker container parser-web-1 heartbeat received
2026-09-29 08:39:21 INFO [worker] pid=4079 Docker container parser-web-1 heartbeat received
2026-09-29 08:39:54 INFO [worker] pid=5681 Database connection pool initialized
2026-09-29 08:40:13 INFO [api] pid=2502 Request completed successfully
2026-09-29 08:40:30 DEBUG [auth] pid=5037 Connection returned to pool
2026-09-29 08:41:02 INFO [scheduler] pid=1382 Docker container parser-web-1 heartbeat received
2026-09-29 08:41:09 INFO [api] pid=6116 Cache refreshed successfully
2026-09-29 08:41:34 INFO [worker] pid=8071 Request completed successfully
2026-09-29 08:41:57 INFO [worker] pid=6123 Docker container parser-web-1 heartbeat received
2026-09-29 08:42:15 INFO [worker] pid=3058 HTTP POST /api/login 200 143ms
2026-09-29 08:42:28 INFO [worker] pid=9695 Docker container parser-web-1 heartbeat received
2026-09-29 08:42:48 ERROR [worker] pid=4827 Upstream service timeout
2026-09-29 08:43:13 INFO [auth] pid=3173 Application started successfully
2026-09-29 08:43:32 INFO [auth] pid=5886 Application started successfully
2026-09-29 08:43:42 INFO [web] pid=1300 Docker container parser-web-1 heartbeat received
2026-09-29 08:44:02 INFO [worker] pid=4120 Docker container parser-web-1 heartbeat received
2026-09-29 08:44:07 INFO [web] pid=2170 Docker container parser-web-1 heartbeat received
2026-09-29 08:44:34 INFO [api] pid=3544 Application started successfully
2026-09-29 08:44:55 INFO [web] pid=7918 HTTP POST /api/login 200 143ms
2026-09-29 08:45:11 DEBUG [scheduler] pid=8353 Connection returned to pool
2026-09-29 08:45:32 WARNING [worker] pid=2086 Retrying failed request attempt=1
2026-09-29 08:45:40 ERROR [api] pid=5435 Upstream service timeout
2026-09-29 08:45:47 INFO [auth] pid=2329 HTTP GET /api/users 200 84ms
2026-09-29 08:45:59 INFO [auth] pid=8799 Docker container parser-web-1 heartbeat received
2026-09-29 08:46:19 INFO [worker] pid=8538 Database connection pool initialized
2026-09-29 08:46:25 INFO [auth] pid=4341 Database connection pool initialized
2026-09-29 08:46:54 INFO [api] pid=5452 HTTP POST /api/login 200 143ms
2026-09-29 08:47:05 INFO [worker] pid=5828 HTTP GET /api/users 200 84ms
2026-09-29 08:47:35 INFO [scheduler] pid=5560 Database connection pool initialized
2026-09-29 08:48:09 INFO [web] pid=1753 Docker container parser-web-1 heartbeat received
2026-09-29 08:48:38 DEBUG [web] pid=2596 Worker queue size=4
2026-09-29 08:48:54 ERROR [auth] pid=1439 Permission denied while reading /srv/app/config.yml
2026-09-29 08:49:13 INFO [scheduler] pid=9602 HTTP GET /api/users 200 84ms
2026-09-29 08:49:43 WARNING [auth] pid=8241 API response time exceeded 1000ms
2026-09-29 08:50:16 ERROR [worker] pid=7790 Authentication failed for user=deploy
2026-09-29 08:50:39 INFO [api] pid=6503 HTTP GET /api/health 200 12ms
2026-09-29 08:51:07 INFO [scheduler] pid=1701 Database connection pool initialized
2026-09-29 08:51:38 INFO [worker] pid=2999 Database connection pool initialized
2026-09-29 08:52:05 WARNING [auth] pid=8669 Disk usage above 75%
2026-09-29 08:52:33 INFO [worker] pid=9267 Request completed successfully
2026-09-29 08:53:03 DEBUG [worker] pid=3246 SQL query completed in 34ms
2026-09-29 08:53:23 INFO [web] pid=1572 Docker container parser-web-1 heartbeat received
2026-09-29 08:53:40 DEBUG [auth] pid=1324 Worker queue size=4
2026-09-29 08:54:08 INFO [scheduler] pid=3024 HTTP GET /api/health 200 12ms
2026-09-29 08:54:19 INFO [auth] pid=5579 Database connection pool initialized
2026-09-29 08:54:47 WARNING [api] pid=8583 Retrying failed request attempt=1
2026-09-29 08:54:58 INFO [api] pid=2243 Request completed successfully
2026-09-29 08:55:17 DEBUG [worker] pid=9418 Connection returned to pool
2026-09-29 08:55:36 WARNING [worker] pid=9122 Database connection pool nearly exhausted
2026-09-29 08:55:47 INFO [worker] pid=6546 Docker container parser-web-1 heartbeat received
2026-09-29 08:56:13 INFO [api] pid=5012 Background worker completed job
2026-09-29 08:56:39 INFO [web] pid=6313 Cache refreshed successfully
2026-09-29 08:57:11 DEBUG [scheduler] pid=3592 Connection returned to pool
2026-09-29 08:57:44 ERROR [auth] pid=6539 Database connection failed
2026-09-29 08:57:52 WARNING [web] pid=9717 Retrying failed request attempt=1
2026-09-29 08:58:23 INFO [scheduler] pid=3629 HTTP GET /api/users 200 84ms
2026-09-29 08:58:29 INFO [worker] pid=7612 Database connection pool initialized
2026-09-29 08:58:36 WARNING [auth] pid=7326 Deprecated API endpoint /api/v1/users requested
2026-09-29 08:58:58 INFO [auth] pid=1688 Docker container parser-web-1 heartbeat received
2026-09-29 08:59:04 INFO [api] pid=2580 Database connection pool initialized
2026-09-29 08:59:33 ERROR [scheduler] pid=3825 Database connection failed
2026-09-29 08:59:54 WARNING [worker] pid=2019 Disk usage above 75%
2026-09-29 09:00:14 INFO [api] pid=5100 Cache refreshed successfully
2026-09-29 09:00:49 INFO [api] pid=3968 HTTP GET /api/users 200 84ms
2026-09-29 09:00:56 INFO [auth] pid=5045 Cache refreshed successfully
2026-09-29 09:01:29 WARNING [api] pid=8655 API response time exceeded 1000ms
2026-09-29 09:01:47 INFO [scheduler] pid=5812 Application started successfully
2026-09-29 09:01:59 INFO [auth] pid=6001 Background worker completed job
2026-09-29 09:02:28 INFO [worker] pid=4363 Docker container parser-web-1 heartbeat received
2026-09-29 09:02:54 WARNING [api] pid=7348 Disk usage above 75%
2026-09-29 09:03:18 INFO [web] pid=7584 Database connection pool initialized
2026-09-29 09:03:37 INFO [auth] pid=9238 Application started successfully
2026-09-29 09:03:57 DEBUG [auth] pid=6872 SQL query completed in 34ms
2026-09-29 09:04:13 INFO [api] pid=2691 Database connection pool initialized
2026-09-29 09:04:17 INFO [web] pid=7077 Docker container parser-web-1 heartbeat received
2026-09-29 09:04:27 INFO [worker] pid=7907 Database connection pool initialized
2026-09-29 09:04:40 INFO [worker] pid=9797 Request completed successfully
2026-09-29 09:05:14 WARNING [worker] pid=8994 API response time exceeded 1000ms
2026-09-29 09:05:34 DEBUG [web] pid=8773 Worker queue size=4
2026-09-29 09:05:40 INFO [scheduler] pid=7092 HTTP POST /api/login 200 143ms
2026-09-29 09:05:47 DEBUG [worker] pid=3124 Cache lookup key=user_session
2026-09-29 09:06:18 INFO [auth] pid=7342 Database connection pool initialized
2026-09-29 09:06:43 INFO [scheduler] pid=1510 HTTP POST /api/login 200 143ms
2026-09-29 09:07:05 WARNING [web] pid=8706 API response time exceeded 1000ms
2026-09-29 09:07:26 INFO [api] pid=1842 HTTP GET /api/health 200 12ms
2026-09-29 09:07:30 INFO [web] pid=2692 Docker container parser-web-1 heartbeat received
2026-09-29 09:07:47 WARNING [scheduler] pid=8532 API response time exceeded 1000ms
2026-09-29 09:08:12 INFO [scheduler] pid=3631 Request completed successfully
2026-09-29 09:08:40 INFO [auth] pid=7786 Docker container parser-web-1 heartbeat received
2026-09-29 09:08:59 INFO [api] pid=8364 Background worker completed job
2026-09-29 09:09:29 ERROR [web] pid=7118 Redis connection refused
2026-09-29 09:09:53 INFO [api] pid=3101 Database connection pool initialized
2026-09-29 09:10:24 INFO [auth] pid=1449 HTTP POST /api/login 200 143ms
2026-09-29 09:10:29 DEBUG [api] pid=4462 SQL query completed in 34ms
2026-09-29 09:10:35 WARNING [api] pid=4638 Memory usage above 80%
2026-09-29 09:10:51 INFO [auth] pid=1146 HTTP GET /api/users 200 84ms
2026-09-29 09:11:10 WARNING [api] pid=5206 API response time exceeded 1000ms
2026-09-29 09:11:23 INFO [api] pid=1343 Application started successfully
2026-09-29 09:11:47 DEBUG [auth] pid=6404 SQL query completed in 34ms
2026-09-29 09:11:50 INFO [api] pid=7997 Application started successfully
2026-09-29 09:12:25 INFO [scheduler] pid=8444 HTTP GET /api/health 200 12ms
2026-09-29 09:12:50 INFO [scheduler] pid=9354 HTTP GET /api/health 200 12ms
2026-09-29 09:13:06 ERROR [auth] pid=6041 Database connection failed
2026-09-29 09:13:37 INFO [web] pid=8947 Application started successfully
2026-09-29 09:14:04 INFO [scheduler] pid=8367 HTTP GET /api/health 200 12ms
2026-09-29 09:14:10 WARNING [auth] pid=3530 Database connection pool nearly exhausted
2026-09-29 09:14:16 INFO [worker] pid=7340 Request completed successfully
2026-09-29 09:14:51 INFO [auth] pid=8148 Request completed successfully
2026-09-29 09:14:59 DEBUG [auth] pid=4622 Cache lookup key=user_session
2026-09-29 09:15:28 INFO [scheduler] pid=6653 HTTP POST /api/login 200 143ms
2026-09-29 09:15:59 INFO [worker] pid=8092 HTTP GET /api/health 200 12ms
2026-09-29 09:16:21 INFO [api] pid=8870 Background worker completed job
2026-09-29 09:16:27 INFO [web] pid=8175 HTTP GET /api/health 200 12ms
2026-09-29 09:16:35 DEBUG [api] pid=2082 Worker queue size=4
2026-09-29 09:16:58 INFO [worker] pid=8029 Cache refreshed successfully
2026-09-29 09:17:03 ERROR [worker] pid=6861 Permission denied while reading /srv/app/config.yml
2026-09-29 09:17:11 INFO [api] pid=9000 HTTP POST /api/login 200 143ms
2026-09-29 09:17:27 WARNING [auth] pid=7122 Database connection pool nearly exhausted
2026-09-29 09:17:36 DEBUG [scheduler] pid=1530 SQL query completed in 34ms
2026-09-29 09:17:55 INFO [worker] pid=6667 Database connection pool initialized
2026-09-29 09:18:19 INFO [auth] pid=7666 HTTP GET /api/users 200 84ms
2026-09-29 09:18:25 INFO [web] pid=9791 Application started successfully
2026-09-29 09:18:40 INFO [worker] pid=3678 Docker container parser-web-1 heartbeat received
2026-09-29 09:19:05 INFO [auth] pid=2491 Background worker completed job
2026-09-29 09:19:10 INFO [web] pid=5558 Application started successfully
2026-09-29 09:19:40 INFO [auth] pid=8342 Docker container parser-web-1 heartbeat received
2026-09-29 09:20:08 INFO [web] pid=6755 Request completed successfully
2026-09-29 09:20:37 INFO [auth] pid=6153 Docker container parser-web-1 heartbeat received
2026-09-29 09:20:41 INFO [web] pid=4449 Application started successfully
2026-09-29 09:21:02 ERROR [worker] pid=5842 Database connection failed
2026-09-29 09:21:24 INFO [scheduler] pid=3978 Docker container parser-web-1 heartbeat received
2026-09-29 09:21:34 INFO [auth] pid=6902 HTTP POST /api/login 200 143ms
2026-09-29 09:21:40 INFO [scheduler] pid=1407 Application started successfully
2026-09-29 09:22:11 ERROR [auth] pid=8133 Redis connection refused
2026-09-29 09:22:38 DEBUG [worker] pid=2987 Connection returned to pool
2026-09-29 09:23:05 INFO [api] pid=8638 Background worker completed job
2026-09-29 09:23:30 INFO [api] pid=8238 HTTP GET /api/health 200 12ms
2026-09-29 09:23:57 INFO [worker] pid=6662 Cache refreshed successfully
2026-09-29 09:24:13 INFO [web] pid=9463 HTTP GET /api/users 200 84ms
2026-09-29 09:24:22 INFO [worker] pid=6852 HTTP POST /api/login 200 143ms
2026-09-29 09:24:33 INFO [worker] pid=4332 HTTP GET /api/users 200 84ms
2026-09-29 09:24:46 INFO [api] pid=9195 HTTP GET /api/health 200 12ms
2026-09-29 09:25:17 DEBUG [auth] pid=6395 Connection returned to pool
2026-09-29 09:25:39 INFO [scheduler] pid=8345 HTTP GET /api/health 200 12ms
2026-09-29 09:26:00 DEBUG [worker] pid=9412 Cache lookup key=user_session
2026-09-29 09:26:06 INFO [web] pid=2032 Docker container parser-web-1 heartbeat received
2026-09-29 09:26:31 WARNING [web] pid=9407 Disk usage above 75%
2026-09-29 09:26:57 INFO [web] pid=8468 Request completed successfully
2026-09-29 09:27:11 INFO [auth] pid=3571 Docker container parser-web-1 heartbeat received
2026-09-29 09:27:16 INFO [web] pid=9366 Background worker completed job
2026-09-29 09:27:29 INFO [scheduler] pid=9686 Docker container parser-web-1 heartbeat received
2026-09-29 09:28:04 INFO [worker] pid=5734 Background worker completed job
2026-09-29 09:28:30 INFO [auth] pid=1957 Background worker completed job
2026-09-29 09:28:53 INFO [auth] pid=7433 HTTP GET /api/health 200 12ms
2026-09-29 09:29:13 INFO [worker] pid=2435 HTTP GET /api/users 200 84ms
2026-09-29 09:29:24 WARNING [scheduler] pid=3212 Database connection pool nearly exhausted
2026-09-29 09:29:31 INFO [worker] pid=3193 Cache refreshed successfully
2026-09-29 09:30:06 INFO [auth] pid=7028 Cache refreshed successfully
2026-09-29 09:30:09 INFO [api] pid=6698 HTTP GET /api/users 200 84ms
2026-09-29 09:30:42 INFO [api] pid=2364 HTTP GET /api/users 200 84ms
2026-09-29 09:31:02 WARNING [auth] pid=9726 Disk usage above 75%
2026-09-29 09:31:06 INFO [auth] pid=7272 HTTP GET /api/users 200 84ms
2026-09-29 09:31:17 INFO [scheduler] pid=1815 HTTP GET /api/users 200 84ms
2026-09-29 09:31:45 INFO [scheduler] pid=5768 HTTP POST /api/login 200 143ms
2026-09-29 09:32:15 INFO [worker] pid=8784 HTTP POST /api/login 200 143ms
2026-09-29 09:32:29 INFO [scheduler] pid=5716 Docker container parser-web-1 heartbeat received
2026-09-29 09:32:55 INFO [api] pid=4371 Cache refreshed successfully
2026-09-29 09:33:05 WARNING [scheduler] pid=7181 Disk usage above 75%
2026-09-29 09:33:13 DEBUG [worker] pid=2474 Cache lookup key=user_session
2026-09-29 09:33:25 INFO [api] pid=8267 Request completed successfully
2026-09-29 09:33:32 ERROR [scheduler] pid=6827 Upstream service timeout
2026-09-29 09:33:35 INFO [auth] pid=7226 Cache refreshed successfully
2026-09-29 09:33:52 INFO [worker] pid=4778 HTTP GET /api/health 200 12ms
2026-09-29 09:33:55 INFO [worker] pid=3492 HTTP GET /api/health 200 12ms
2026-09-29 09:34:05 INFO [api] pid=8785 Docker container parser-web-1 heartbeat received
2026-09-29 09:34:35 INFO [web] pid=5293 HTTP GET /api/health 200 12ms
2026-09-29 09:34:50 WARNING [auth] pid=9747 Memory usage above 80%
2026-09-29 09:35:19 INFO [api] pid=6034 Database connection pool initialized
2026-09-29 09:35:28 INFO [auth] pid=8589 Cache refreshed successfully
2026-09-29 09:35:34 INFO [auth] pid=1369 Docker container parser-web-1 heartbeat received
2026-09-29 09:36:08 INFO [worker] pid=8132 HTTP GET /api/users 200 84ms
2026-09-29 09:36:10 INFO [auth] pid=7925 HTTP POST /api/login 200 143ms
2026-09-29 09:36:23 INFO [auth] pid=7008 HTTP GET /api/health 200 12ms
2026-09-29 09:36:29 ERROR [auth] pid=9416 Docker container parser-php-1 health check failed
2026-09-29 09:36:32 INFO [web] pid=7438 Docker container parser-web-1 heartbeat received
2026-09-29 09:36:57 INFO [worker] pid=2206 Application started successfully
2026-09-29 09:37:21 INFO [auth] pid=6547 HTTP GET /api/health 200 12ms
2026-09-29 09:37:31 INFO [worker] pid=3968 Request completed successfully
2026-09-29 09:38:02 ERROR [api] pid=3309 Authentication failed for user=deploy
2026-09-29 09:38:08 DEBUG [web] pid=5907 Connection returned to pool
2026-09-29 09:38:22 INFO [web] pid=6270 HTTP POST /api/login 200 143ms
2026-09-29 09:38:43 INFO [scheduler] pid=5250 Request completed successfully
2026-09-29 09:38:47 DEBUG [worker] pid=6948 SQL query completed in 34ms
2026-09-29 09:38:52 WARNING [worker] pid=3139 Database connection pool nearly exhausted
2026-09-29 09:39:17 INFO [scheduler] pid=7434 Cache refreshed successfully
2026-09-29 09:39:40 ERROR [scheduler] pid=7118 Authentication failed for user=deploy
2026-09-29 09:40:15 INFO [scheduler] pid=2393 HTTP GET /api/health 200 12ms
2026-09-29 09:40:44 INFO [auth] pid=5913 HTTP GET /api/users 200 84ms
2026-09-29 09:41:06 INFO [worker] pid=6121 Background worker completed job
2026-09-29 09:41:36 INFO [api] pid=8372 Cache refreshed successfully
2026-09-29 09:42:00 INFO [auth] pid=8226 Background worker completed job
2026-09-29 09:42:19 INFO [web] pid=7755 Application started successfully
2026-09-29 09:42:44 INFO [web] pid=3439 HTTP GET /api/users 200 84ms
2026-09-29 09:43:14 INFO [api] pid=7101 HTTP GET /api/health 200 12ms
2026-09-29 09:43:39 INFO [auth] pid=3613 Application started successfully
2026-09-29 09:44:09 ERROR [scheduler] pid=2359 Redis connection refused
2026-09-29 09:44:19 INFO [worker] pid=5666 Cache refreshed successfully
2026-09-29 09:44:36 ERROR [api] pid=9276 Database connection failed
2026-09-29 09:45:11 INFO [web] pid=5388 Request completed successfully
2026-09-29 09:45:29 DEBUG [auth] pid=5778 SQL query completed in 34ms
2026-09-29 09:46:02 INFO [web] pid=8506 HTTP GET /api/users 200 84ms
2026-09-29 09:46:15 WARNING [web] pid=6336 Retrying failed request attempt=1
2026-09-29 09:46:39 DEBUG [worker] pid=3680 Worker queue size=4
2026-09-29 09:46:52 DEBUG [web] pid=4392 SQL query completed in 34ms
2026-09-29 09:47:02 INFO [web] pid=7012 Docker container parser-web-1 heartbeat received
2026-09-29 09:47:27 INFO [api] pid=2512 Request completed successfully
2026-09-29 09:47:33 INFO [auth] pid=7830 Docker container parser-web-1 heartbeat received
2026-09-29 09:48:01 WARNING [api] pid=6294 Disk usage above 75%
2026-09-29 09:48:07 INFO [worker] pid=3202 Request completed successfully
2026-09-29 09:48:20 DEBUG [scheduler] pid=9338 SQL query completed in 34ms
2026-09-29 09:48:25 WARNING [api] pid=6082 Memory usage above 80%
2026-09-29 09:48:37 INFO [worker] pid=9601 HTTP POST /api/login 200 143ms
2026-09-29 09:48:57 WARNING [api] pid=5596 Database connection pool nearly exhausted
2026-09-29 09:49:07 INFO [web] pid=9334 Request completed successfully
2026-09-29 09:49:19 INFO [api] pid=6631 HTTP GET /api/users 200 84ms
2026-09-29 09:49:23 WARNING [web] pid=1844 Disk usage above 75%
2026-09-29 09:49:41 INFO [auth] pid=1596 Cache refreshed successfully
2026-09-29 09:50:14 WARNING [worker] pid=6049 Memory usage above 80%
2026-09-29 09:50:46 INFO [worker] pid=8530 Cache refreshed successfully
2026-09-29 09:50:52 INFO [scheduler] pid=7909 HTTP GET /api/users 200 84ms
2026-09-29 09:51:24 INFO [auth] pid=3453 Background worker completed job
2026-09-29 09:51:46 WARNING [worker] pid=7632 Database connection pool nearly exhausted
2026-09-29 09:51:56 DEBUG [worker] pid=5060 Cache lookup key=user_session
2026-09-29 09:52:27 INFO [api] pid=3408 Docker container parser-web-1 heartbeat received
2026-09-29 09:52:35 INFO [auth] pid=7950 Cache refreshed successfully
2026-09-29 09:52:52 ERROR [worker] pid=6223 Database connection failed
2026-09-29 09:53:06 DEBUG [auth] pid=8748 Connection returned to pool
2026-09-29 09:53:39 WARNING [web] pid=2575 Retrying failed request attempt=1
2026-09-29 09:54:06 INFO [api] pid=6881 HTTP POST /api/login 200 143ms
2026-09-29 09:54:11 INFO [auth] pid=8810 Docker container parser-web-1 heartbeat received
2026-09-29 09:54:31 INFO [scheduler] pid=3294 HTTP GET /api/health 200 12ms
2026-09-29 09:54:49 DEBUG [worker] pid=1841 Connection returned to pool
2026-09-29 09:55:16 INFO [api] pid=7039 Request completed successfully
2026-09-29 09:55:36 INFO [scheduler] pid=5682 Request completed successfully
2026-09-29 09:55:45 INFO [scheduler] pid=7214 HTTP GET /api/health 200 12ms
2026-09-29 09:56:08 INFO [api] pid=4361 Background worker completed job
2026-09-29 09:56:42 INFO [web] pid=1737 Application started successfully
2026-09-29 09:56:52 DEBUG [auth] pid=8587 Connection returned to pool
2026-09-29 09:57:03 INFO [api] pid=6473 Request completed successfully
2026-09-29 09:57:25 INFO [auth] pid=6611 Database connection pool initialized
2026-09-29 09:57:59 WARNING [scheduler] pid=6011 Memory usage above 80%
2026-09-29 09:58:31 DEBUG [worker] pid=2895 Worker queue size=4
2026-09-29 09:58:59 INFO [auth] pid=8875 Application started successfully
2026-09-29 09:59:17 ERROR [auth] pid=4828 Permission denied while reading /srv/app/config.yml
2026-09-29 09:59:22 INFO [auth] pid=7329 HTTP GET /api/users 200 84ms
2026-09-29 09:59:33 WARNING [web] pid=2900 API response time exceeded 1000ms
2026-09-29 09:59:47 INFO [scheduler] pid=3581 Background worker completed job
2026-09-29 10:00:15 INFO [auth] pid=8826 Cache refreshed successfully
2026-09-29 10:00:20 DEBUG [auth] pid=6425 SQL query completed in 34ms
2026-09-29 10:00:52 INFO [api] pid=8631 Background worker completed job
2026-09-29 10:01:15 INFO [auth] pid=9032 Database connection pool initialized
2026-09-29 10:01:29 ERROR [auth] pid=5990 Upstream service timeout
2026-09-29 10:01:45 ERROR [worker] pid=4496 Upstream service timeout
2026-09-29 10:02:18 INFO [auth] pid=5580 Background worker completed job
2026-09-29 10:02:38 INFO [scheduler] pid=7564 Request completed successfully
2026-09-29 10:03:02 ERROR [worker] pid=1789 Database connection failed
2026-09-29 10:03:22 ERROR [worker] pid=8347 Database connection failed
2026-09-29 10:03:40 DEBUG [api] pid=5542 SQL query completed in 34ms
2026-09-29 10:03:59 INFO [api] pid=1931 HTTP POST /api/login 200 143ms
2026-09-29 10:04:34 INFO [web] pid=2741 HTTP POST /api/login 200 143ms
2026-09-29 10:05:02 INFO [web] pid=3352 Docker container parser-web-1 heartbeat received
2026-09-29 10:05:04 ERROR [scheduler] pid=8893 Database connection failed
2026-09-29 10:05:36 INFO [worker] pid=5776 Database connection pool initialized
2026-09-29 10:05:41 WARNING [auth] pid=4904 Disk usage above 75%
2026-09-29 10:05:45 WARNING [scheduler] pid=3980 API response time exceeded 1000ms
2026-09-29 10:05:49 ERROR [scheduler] pid=4152 HTTP GET /api/orders 500 Internal Server Error
2026-09-29 10:06:09 WARNING [worker] pid=2858 Disk usage above 75%
2026-09-29 10:06:32 INFO [auth] pid=9192 Request completed successfully
2026-09-29 10:06:42 WARNING [worker] pid=4259 Retrying failed request attempt=1
2026-09-29 10:06:51 INFO [worker] pid=4150 Docker container parser-web-1 heartbeat received
2026-09-29 10:06:53 DEBUG [auth] pid=4264 Worker queue size=4
2026-09-29 10:07:06 INFO [scheduler] pid=9542 Cache refreshed successfully
2026-09-29 10:07:28 INFO [api] pid=3403 HTTP GET /api/health 200 12ms
2026-09-29 10:08:00 INFO [web] pid=5372 HTTP POST /api/login 200 143ms
2026-09-29 10:08:26 INFO [worker] pid=6047 Database connection pool initialized
2026-09-29 10:08:28 INFO [api] pid=2117 Background worker completed job
2026-09-29 10:08:37 INFO [scheduler] pid=9333 HTTP GET /api/users 200 84ms
2026-09-29 10:08:58 INFO [worker] pid=4718 Database connection pool initialized
2026-09-29 10:09:14 ERROR [api] pid=8554 Authentication failed for user=deploy
2026-09-29 10:09:39 INFO [scheduler] pid=4678 Request completed successfully
2026-09-29 10:09:56 INFO [auth] pid=8419 HTTP GET /api/health 200 12ms
2026-09-29 10:10:31 DEBUG [auth] pid=2938 Cache lookup key=user_session
2026-09-29 10:10:36 WARNING [api] pid=3555 Memory usage above 80%
2026-09-29 10:10:48 INFO [scheduler] pid=3004 Request completed successfully
2026-09-29 10:11:03 DEBUG [web] pid=9461 Connection returned to pool
2026-09-29 10:11:33 DEBUG [api] pid=9509 Connection returned to pool
2026-09-29 10:12:01 INFO [auth] pid=8675 Application started successfully
2026-09-29 10:12:22 DEBUG [worker] pid=1149 Connection returned to pool
2026-09-29 10:12:37 INFO [scheduler] pid=6744 Application started successfully
2026-09-29 10:12:43 INFO [web] pid=8834 Application started successfully
2026-09-29 10:12:47 INFO [api] pid=7987 HTTP GET /api/users 200 84ms
2026-09-29 10:13:12 ERROR [scheduler] pid=7284 HTTP GET /api/orders 500 Internal Server Error
2026-09-29 10:13:38 INFO [api] pid=6797 Request completed successfully
2026-09-29 10:13:47 INFO [scheduler] pid=9764 Request completed successfully
2026-09-29 10:13:57 DEBUG [web] pid=1472 SQL query completed in 34ms
2026-09-29 10:14:18 INFO [scheduler] pid=7314 Request completed successfully
2026-09-29 10:14:34 INFO [api] pid=5616 Background worker completed job
2026-09-29 10:14:48 ERROR [web] pid=7968 Database connection failed
2026-09-29 10:14:51 INFO [web] pid=1650 HTTP GET /api/health 200 12ms
2026-09-29 10:15:21 INFO [api] pid=1824 Application started successfully
2026-09-29 10:15:48 INFO [api] pid=2024 Request completed successfully
2026-09-29 10:15:58 INFO [api] pid=6324 Database connection pool initialized
2026-09-29 10:16:20 INFO [auth] pid=4721 HTTP GET /api/users 200 84ms
2026-09-29 10:16:48 INFO [auth] pid=3969 Application started successfully
2026-09-29 10:17:17 INFO [worker] pid=7344 Application started successfully
2026-09-29 10:17:52 INFO [scheduler] pid=3544 Cache refreshed successfully
2026-09-29 10:18:13 INFO [scheduler] pid=5048 Request completed successfully
2026-09-29 10:18:29 INFO [scheduler] pid=2044 HTTP GET /api/users 200 84ms
2026-09-29 10:18:57 ERROR [auth] pid=3296 Docker container parser-php-1 health check failed
2026-09-29 10:19:23 INFO [worker] pid=2395 HTTP POST /api/login 200 143ms
2026-09-29 10:19:53 WARNING [auth] pid=4220 Disk usage above 75%
2026-09-29 10:19:58 INFO [web] pid=4182 Application started successfully
2026-09-29 10:20:13 INFO [worker] pid=1351 Background worker completed job
2026-09-29 10:20:28 ERROR [scheduler] pid=5074 Database connection failed
2026-09-29 10:20:43 INFO [auth] pid=6369 HTTP POST /api/login 200 143ms
2026-09-29 10:21:03 INFO [worker] pid=6153 Request completed successfully
2026-09-29 10:21:21 INFO [scheduler] pid=2715 Docker container parser-web-1 heartbeat received
2026-09-29 10:21:53 DEBUG [api] pid=7173 Worker queue size=4
2026-09-29 10:22:15 INFO [api] pid=1365 HTTP POST /api/login 200 143ms
2026-09-29 10:22:33 INFO [worker] pid=3597 Cache refreshed successfully
2026-09-29 10:22:47 INFO [auth] pid=5126 Cache refreshed successfully
2026-09-29 10:23:20 INFO [worker] pid=9105 Background worker completed job
2026-09-29 10:23:53 INFO [api] pid=3393 Background worker completed job
2026-09-29 10:24:26 INFO [web] pid=9684 Request completed successfully
2026-09-29 10:24:30 WARNING [web] pid=1204 Disk usage above 75%
2026-09-29 10:24:58 INFO [web] pid=3574 HTTP POST /api/login 200 143ms
2026-09-29 10:25:00 INFO [worker] pid=2090 Docker container parser-web-1 heartbeat received
2026-09-29 10:25:32 INFO [web] pid=7839 Application started successfully
2026-09-29 10:25:34 INFO [auth] pid=5797 Database connection pool initialized
2026-09-29 10:25:37 INFO [api] pid=2853 Cache refreshed successfully
2026-09-29 10:25:45 INFO [api] pid=9725 HTTP POST /api/login 200 143ms
2026-09-29 10:26:03 DEBUG [scheduler] pid=2394 Worker queue size=4
2026-09-29 10:26:28 ERROR [auth] pid=5084 Authentication failed for user=deploy
2026-09-29 10:26:44 INFO [web] pid=2631 HTTP GET /api/health 200 12ms
2026-09-29 10:27:11 INFO [scheduler] pid=2019 Request completed successfully
2026-09-29 10:27:13 DEBUG [scheduler] pid=8209 Cache lookup key=user_session
2026-09-29 10:27:36 INFO [auth] pid=1797 HTTP GET /api/health 200 12ms
2026-09-29 10:27:52 INFO [worker] pid=1862 Docker container parser-web-1 heartbeat received
2026-09-29 10:27:58 INFO [auth] pid=1639 Database connection pool initialized
2026-09-29 10:28:11 ERROR [web] pid=4494 Redis connection refused
2026-09-29 10:28:22 DEBUG [web] pid=6003 Connection returned to pool
2026-09-29 10:28:34 INFO [auth] pid=6535 Cache refreshed successfully
2026-09-29 10:29:00 DEBUG [web] pid=9304 SQL query completed in 34ms
2026-09-29 10:29:24 INFO [api] pid=2345 Cache refreshed successfully
2026-09-29 10:29:47 INFO [worker] pid=1585 Cache refreshed successfully
2026-09-29 10:30:06 DEBUG [scheduler] pid=4837 Connection returned to pool
2026-09-29 10:30:30 INFO [scheduler] pid=4143 Cache refreshed successfully
2026-09-29 10:30:56 INFO [api] pid=2304 Database connection pool initialized
2026-09-29 10:31:03 INFO [api] pid=7483 Cache refreshed successfully
2026-09-29 10:31:25 INFO [web] pid=6150 HTTP GET /api/health 200 12ms
2026-09-29 10:31:55 INFO [web] pid=3270 Database connection pool initialized
2026-09-29 10:32:02 INFO [auth] pid=9495 Docker container parser-web-1 heartbeat received
2026-09-29 10:32:30 INFO [worker] pid=2624 HTTP GET /api/health 200 12ms
2026-09-29 10:32:52 WARNING [worker] pid=7879 Disk usage above 75%
2026-09-29 10:33:18 DEBUG [auth] pid=9637 SQL query completed in 34ms
2026-09-29 10:33:30 INFO [api] pid=5505 HTTP GET /api/users 200 84ms
2026-09-29 10:33:51 INFO [web] pid=3839 HTTP GET /api/users 200 84ms
2026-09-29 10:34:20 INFO [scheduler] pid=2360 Database connection pool initialized
2026-09-29 10:34:45 INFO [scheduler] pid=4303 HTTP POST /api/login 200 143ms
2026-09-29 10:35:16 INFO [web] pid=7583 Database connection pool initialized
2026-09-29 10:35:39 WARNING [worker] pid=8312 Retrying failed request attempt=1
2026-09-29 10:36:02 INFO [worker] pid=6353 HTTP GET /api/users 200 84ms
2026-09-29 10:36:16 INFO [scheduler] pid=6328 HTTP GET /api/users 200 84ms
2026-09-29 10:36:36 DEBUG [auth] pid=5071 Connection returned to pool
2026-09-29 10:36:58 INFO [worker] pid=2965 Cache refreshed successfully
2026-09-29 10:37:12 INFO [api] pid=1540 Request completed successfully
2026-09-29 10:37:43 ERROR [scheduler] pid=5873 Upstream service timeout
2026-09-29 10:37:49 DEBUG [scheduler] pid=3380 Connection returned to pool
2026-09-29 10:38:10 INFO [scheduler] pid=7276 HTTP GET /api/users 200 84ms
2026-09-29 10:38:16 INFO [auth] pid=7666 Docker container parser-web-1 heartbeat received
2026-09-29 10:38:50 ERROR [auth] pid=1702 HTTP GET /api/orders 500 Internal Server Error
2026-09-29 10:39:15 DEBUG [web] pid=5167 Cache lookup key=user_session
2026-09-29 10:39:39 INFO [auth] pid=7647 Application started successfully
2026-09-29 10:40:02 ERROR [web] pid=1272 HTTP GET /api/orders 500 Internal Server Error
2026-09-29 10:40:10 INFO [auth] pid=4721 Request completed successfully
2026-09-29 10:40:40 INFO [auth] pid=9299 Docker container parser-web-1 heartbeat received
2026-09-29 10:40:51 INFO [scheduler] pid=2812 Application started successfully
2026-09-29 10:41:11 INFO [web] pid=3421 HTTP GET /api/health 200 12ms
2026-09-29 10:41:35 INFO [api] pid=9637 Docker container parser-web-1 heartbeat received
2026-09-29 10:42:07 INFO [scheduler] pid=8512 HTTP GET /api/health 200 12ms
2026-09-29 10:42:29 INFO [web] pid=1470 Application started successfully
2026-09-29 10:42:52 INFO [api] pid=9554 HTTP GET /api/users 200 84ms
2026-09-29 10:43:05 INFO [auth] pid=8085 Background worker completed job
2026-09-29 10:43:36 INFO [api] pid=4153 Cache refreshed successfully
2026-09-29 10:44:05 INFO [scheduler] pid=8137 HTTP POST /api/login 200 143ms
2026-09-29 10:44:31 INFO [api] pid=5660 HTTP POST /api/login 200 143ms
2026-09-29 10:44:37 INFO [api] pid=7093 Request completed successfully
2026-09-29 10:44:59 INFO [worker] pid=9119 HTTP GET /api/health 200 12ms
2026-09-29 10:45:34 ERROR [auth] pid=7467 Redis connection refused
2026-09-29 10:46:01 INFO [worker] pid=8601 Background worker completed job
2026-09-29 10:46:14 DEBUG [auth] pid=2488 Worker queue size=4
2026-09-29 10:46:24 INFO [worker] pid=3016 HTTP POST /api/login 200 143ms
2026-09-29 10:46:37 INFO [auth] pid=7464 HTTP GET /api/users 200 84ms
2026-09-29 10:47:05 INFO [scheduler] pid=4143 Cache refreshed successfully
2026-09-29 10:47:38 INFO [auth] pid=3833 HTTP GET /api/users 200 84ms
2026-09-29 10:48:11 INFO [worker] pid=8489 HTTP GET /api/users 200 84ms
2026-09-29 10:48:16 WARNING [scheduler] pid=3336 Disk usage above 75%
2026-09-29 10:48:30 DEBUG [scheduler] pid=9156 Connection returned to pool
2026-09-29 10:48:58 DEBUG [scheduler] pid=3840 Connection returned to pool
2026-09-29 10:49:05 INFO [worker] pid=1635 HTTP POST /api/login 200 143ms
2026-09-29 10:49:24 INFO [api] pid=8592 Database connection pool initialized
2026-09-29 10:49:57 INFO [auth] pid=2971 HTTP GET /api/health 200 12ms
2026-09-29 10:50:16 DEBUG [auth] pid=1781 Worker queue size=4
2026-09-29 10:50:46 INFO [web] pid=5155 Cache refreshed successfully
2026-09-29 10:51:07 WARNING [scheduler] pid=5405 Disk usage above 75%
2026-09-29 10:51:31 WARNING [scheduler] pid=3023 Disk usage above 75%
2026-09-29 10:51:48 INFO [auth] pid=8115 Background worker completed job
2026-09-29 10:52:00 INFO [api] pid=2072 HTTP POST /api/login 200 143ms
2026-09-29 10:52:24 INFO [api] pid=6402 Request completed successfully
2026-09-29 10:52:44 INFO [auth] pid=2660 Database connection pool initialized
2026-09-29 10:52:54 ERROR [web] pid=5643 HTTP GET /api/orders 500 Internal Server Error
2026-09-29 10:53:04 DEBUG [api] pid=3496 SQL query completed in 34ms
2026-09-29 10:53:26 WARNING [scheduler] pid=9119 Deprecated API endpoint /api/v1/users requested
2026-09-29 10:53:37 INFO [scheduler] pid=7246 Database connection pool initialized
2026-09-29 10:54:07 INFO [scheduler] pid=9547 HTTP GET /api/health 200 12ms
2026-09-29 10:54:26 INFO [scheduler] pid=9096 Background worker completed job
2026-09-29 10:54:48 INFO [scheduler] pid=6969 HTTP GET /api/health 200 12ms
2026-09-29 10:54:54 DEBUG [api] pid=8139 Connection returned to pool
2026-09-29 10:55:09 INFO [worker] pid=6633 Background worker completed job
2026-09-29 10:55:19 INFO [worker] pid=1893 Docker container parser-web-1 heartbeat received
2026-09-29 10:55:23 INFO [web] pid=3135 Docker container parser-web-1 heartbeat received
2026-09-29 10:55:35 INFO [scheduler] pid=4414 Application started successfully
2026-09-29 10:55:45 WARNING [api] pid=5589 Database connection pool nearly exhausted
2026-09-29 10:55:52 INFO [web] pid=7192 Database connection pool initialized
2026-09-29 10:56:04 INFO [api] pid=8132 Database connection pool initialized
2026-09-29 10:56:11 DEBUG [api] pid=8912 Cache lookup key=user_session
2026-09-29 10:56:17 INFO [auth] pid=8391 HTTP POST /api/login 200 143ms
2026-09-29 10:56:19 INFO [web] pid=8019 Background worker completed job
2026-09-29 10:56:29 INFO [scheduler] pid=2563 HTTP POST /api/login 200 143ms
2026-09-29 10:56:37 INFO [worker] pid=3346 Background worker completed job
2026-09-29 10:57:03 DEBUG [api] pid=2220 SQL query completed in 34ms
2026-09-29 10:57:38 INFO [scheduler] pid=6853 HTTP GET /api/users 200 84ms
2026-09-29 10:57:53 INFO [scheduler] pid=8348 HTTP GET /api/users 200 84ms
2026-09-29 10:58:08 INFO [api] pid=3117 HTTP GET /api/health 200 12ms
2026-09-29 10:58:34 INFO [worker] pid=3390 Cache refreshed successfully
2026-09-29 10:58:51 INFO [api] pid=5768 HTTP GET /api/health 200 12ms
2026-09-29 10:58:54 WARNING [worker] pid=4466 Deprecated API endpoint /api/v1/users requested
2026-09-29 10:59:29 INFO [scheduler] pid=5942 HTTP POST /api/login 200 143ms
2026-09-29 10:59:34 DEBUG [scheduler] pid=7422 SQL query completed in 34ms
2026-09-29 10:59:43 INFO [auth] pid=1297 HTTP GET /api/health 200 12ms
2026-09-29 11:00:08 ERROR [scheduler] pid=7995 Database connection failed
2026-09-29 11:00:33 INFO [scheduler] pid=2295 HTTP GET /api/users 200 84ms
2026-09-29 11:00:36 INFO [worker] pid=4634 Application started successfully
2026-09-29 11:00:40 ERROR [auth] pid=5793 HTTP GET /api/orders 500 Internal Server Error
2026-09-29 11:01:14 DEBUG [scheduler] pid=2450 Connection returned to pool
2026-09-29 11:01:25 INFO [web] pid=9477 Database connection pool initialized
2026-09-29 11:01:40 ERROR [auth] pid=6453 Database connection failed
2026-09-29 11:02:07 INFO [worker] pid=8267 HTTP GET /api/health 200 12ms
2026-09-29 11:02:24 INFO [scheduler] pid=3000 HTTP GET /api/health 200 12ms
2026-09-29 11:02:55 INFO [worker] pid=3977 Application started successfully
2026-09-29 11:03:04 INFO [web] pid=3784 HTTP GET /api/users 200 84ms
2026-09-29 11:03:37 ERROR [auth] pid=5347 Docker container parser-php-1 health check failed
2026-09-29 11:03:49 INFO [web] pid=1580 Database connection pool initialized
2026-09-29 11:04:12 DEBUG [auth] pid=2146 Worker queue size=4
2026-09-29 11:04:30 DEBUG [scheduler] pid=8557 Cache lookup key=user_session
2026-09-29 11:05:04 INFO [auth] pid=3834 Docker container parser-web-1 heartbeat received
2026-09-29 11:05:29 INFO [auth] pid=2989 HTTP GET /api/health 200 12ms
2026-09-29 11:05:45 DEBUG [web] pid=1301 Cache lookup key=user_session
2026-09-29 11:06:02 INFO [scheduler] pid=3558 Background worker completed job
2026-09-29 11:06:15 ERROR [auth] pid=7970 Database connection failed
2026-09-29 11:06:31 INFO [worker] pid=5544 Cache refreshed successfully
2026-09-29 11:06:37 INFO [auth] pid=1962 HTTP GET /api/health 200 12ms
2026-09-29 11:06:50 INFO [web] pid=7668 Request completed successfully
2026-09-29 11:06:56 WARNING [worker] pid=6462 Database connection pool nearly exhausted
2026-09-29 11:07:03 INFO [worker] pid=4387 Application started successfully
2026-09-29 11:07:23 INFO [auth] pid=5074 Database connection pool initialized
2026-09-29 11:07:54 INFO [api] pid=5116 Docker container parser-web-1 heartbeat received
2026-09-29 11:08:05 INFO [web] pid=4917 Cache refreshed successfully
2026-09-29 11:08:29 INFO [worker] pid=1123 Application started successfully
2026-09-29 11:08:55 WARNING [worker] pid=2803 Deprecated API endpoint /api/v1/users requested
2026-09-29 11:09:10 INFO [scheduler] pid=9161 HTTP POST /api/login 200 143ms
2026-09-29 11:09:15 ERROR [worker] pid=2624 Database connection failed
2026-09-29 11:09:19 ERROR [scheduler] pid=7202 Docker container parser-php-1 health check failed
2026-09-29 11:09:50 ERROR [auth] pid=2665 Database connection failed
2026-09-29 11:10:24 INFO [web] pid=2120 Cache refreshed successfully
2026-09-29 11:10:53 INFO [api] pid=5878 HTTP GET /api/users 200 84ms
2026-09-29 11:11:11 WARNING [worker] pid=6311 Retrying failed request attempt=1
2026-09-29 11:11:41 INFO [api] pid=3330 HTTP GET /api/health 200 12ms
2026-09-29 11:11:49 INFO [scheduler] pid=8735 HTTP GET /api/users 200 84ms
2026-09-29 11:12:11 INFO [worker] pid=4501 Request completed successfully
2026-09-29 11:12:41 INFO [web] pid=2581 Database connection pool initialized
2026-09-29 11:12:53 DEBUG [auth] pid=1760 Worker queue size=4
2026-09-29 11:13:08 WARNING [api] pid=2594 Database connection pool nearly exhausted
2026-09-29 11:13:25 ERROR [auth] pid=1902 HTTP GET /api/orders 500 Internal Server Error
2026-09-29 11:13:46 INFO [web] pid=7725 HTTP GET /api/users 200 84ms
2026-09-29 11:14:16 INFO [api] pid=2651 Request completed successfully
2026-09-29 11:14:47 INFO [web] pid=1295 HTTP GET /api/users 200 84ms
2026-09-29 11:14:52 WARNING [api] pid=4346 API response time exceeded 1000ms
2026-09-29 11:15:19 INFO [auth] pid=5340 HTTP GET /api/health 200 12ms
2026-09-29 11:15:25 INFO [api] pid=8365 HTTP GET /api/health 200 12ms
2026-09-29 11:15:35 INFO [web] pid=1799 Background worker completed job
2026-09-29 11:16:06 INFO [scheduler] pid=9228 Cache refreshed successfully
2026-09-29 11:16:09 INFO [api] pid=6899 Cache refreshed successfully
2026-09-29 11:16:24 WARNING [worker] pid=8407 Database connection pool nearly exhausted
2026-09-29 11:16:35 INFO [worker] pid=9273 HTTP POST /api/login 200 143ms
2026-09-29 11:17:03 WARNING [web] pid=2537 Retrying failed request attempt=1
2026-09-29 11:17:22 INFO [api] pid=9714 Cache refreshed successfully
2026-09-29 11:17:39 INFO [web] pid=7366 Request completed successfully
2026-09-29 11:18:03 INFO [worker] pid=9331 Docker container parser-web-1 heartbeat received
2026-09-29 11:18:25 INFO [web] pid=6324 HTTP GET /api/users 200 84ms
2026-09-29 11:18:41 INFO [web] pid=8828 Database connection pool initialized
2026-09-29 11:19:16 INFO [api] pid=2740 HTTP POST /api/login 200 143ms
2026-09-29 11:19:33 INFO [auth] pid=2016 Database connection pool initialized
2026-09-29 11:19:49 INFO [worker] pid=3946 Cache refreshed successfully
2026-09-29 11:20:02 INFO [worker] pid=1562 Background worker completed job
2026-09-29 11:20:26 ERROR [api] pid=4184 Permission denied while reading /srv/app/config.yml
2026-09-29 11:20:59 INFO [scheduler] pid=1721 HTTP GET /api/users 200 84ms
2026-09-29 11:21:06 INFO [web] pid=9725 HTTP POST /api/login 200 143ms
2026-09-29 11:21:38 INFO [api] pid=6682 HTTP POST /api/login 200 143ms
2026-09-29 11:21:51 WARNING [web] pid=1459 Database connection pool nearly exhausted
2026-09-29 11:22:02 INFO [web] pid=9722 HTTP GET /api/users 200 84ms
2026-09-29 11:22:27 ERROR [scheduler] pid=2755 Redis connection refused
2026-09-29 11:22:50 INFO [api] pid=8257 HTTP GET /api/users 200 84ms
2026-09-29 11:23:23 INFO [auth] pid=6946 HTTP GET /api/users 200 84ms
2026-09-29 11:23:33 Error [api] pid=5512 Database connection failed
2026-09-29 11:23:40 warning [web] pid=6610 API response time exceeded 1000ms
2026-09-29 11:23:48 ERROR [worker] pid=7721 Database connection failed
ERROR database-down
